
Running 7 tests using 4 workers

[1A[2K[1/7] [chromium] ΓÇ║ tests\blog.spec.js:7:3 ΓÇ║ Blog Platform Requirements ΓÇ║ Homepage has necessary components and recent posts
[1A[2K[2/7] [chromium] ΓÇ║ tests\blog.spec.js:82:3 ΓÇ║ Blog Platform Requirements ΓÇ║ Theme toggle functionality
[1A[2K[3/7] [chromium] ΓÇ║ tests\blog.spec.js:29:3 ΓÇ║ Blog Platform Requirements ΓÇ║ Blog archive and pagination
[1A[2K[4/7] [chromium] ΓÇ║ tests\blog.spec.js:50:3 ΓÇ║ Blog Platform Requirements ΓÇ║ Individual post page requirements
[1A[2K  1) [chromium] ΓÇ║ tests\blog.spec.js:7:3 ΓÇ║ Blog Platform Requirements ΓÇ║ Homepage has necessary components and recent posts 

    Error: [2mexpect([22m[31mlocator[39m[2m).[22mtoBeVisible[2m([22m[2m)[22m failed

    Locator: locator('text=Modern Blog')
    Expected: visible
    Error: strict mode violation: locator('text=Modern Blog') resolved to 3 elements:
        1) <span class="font-bold text-xl">Modern Blog</span> aka getByRole('link', { name: 'Modern Blog' })
        2) <span class="text-primary">Modern Blog</span> aka getByRole('heading', { name: 'Welcome to Modern Blog' }).locator('span')
        3) <p>ΓÇª</p> aka getByText('┬⌐ 2026 Modern Blog. All')

    Call log:
    [2m  - Expect "toBeVisible" with timeout 5000ms[22m
    [2m  - waiting for locator('text=Modern Blog')[22m


       9 |     
      10 |     // Check if site title is present
    > 11 |     await expect(page.locator('text=Modern Blog')).toBeVisible();
         |                                                    ^
      12 |     
      13 |     // Check for post-list container
      14 |     const postList = page.locator('[data-testid="post-list"]');
        at C:\Users\chint\Desktop\GPP\Task-7\tests\blog.spec.js:11:52

    Error Context: test-results\blog-Blog-Platform-Require-794e0-components-and-recent-posts-chromium\error-context.md


[1A[2K[5/7] [chromium] ΓÇ║ tests\blog.spec.js:107:3 ΓÇ║ Blog Platform Requirements ΓÇ║ Sitemap and RSS feeds are accessible
[1A[2K[6/7] [chromium] ΓÇ║ tests\blog.spec.js:115:3 ΓÇ║ Blog Platform Requirements ΓÇ║ SEO Meta Tags
[1A[2K[7/7] [chromium] ΓÇ║ tests\blog.spec.js:101:3 ΓÇ║ Blog Platform Requirements ΓÇ║ Custom 404 page
[1A[2K  1 failed
    [chromium] ΓÇ║ tests\blog.spec.js:7:3 ΓÇ║ Blog Platform Requirements ΓÇ║ Homepage has necessary components and recent posts 
  6 passed (5.7s)

[36m  Serving HTML report at http://localhost:54151. Press Ctrl+C to quit.[39m
